2026-04-06 00:28:28,302 - INFO - Browser launched and application opened: https://www.elc.co.uk/
2026-04-06 00:28:28,302 - INFO - HomePage initialized successfully
2026-04-06 00:28:28,302 - INFO - BikesPage initialized successfully
2026-04-06 00:28:28,302 - INFO - HuffyPage initialized successfully
2026-04-06 00:28:28,302 - INFO - DisneyPage initialized successfully
2026-04-06 00:28:28,302 - INFO - ProductPage initialized successfully
2026-04-06 00:28:28,917 - INFO - Accept pop up button click
2026-04-06 00:28:29,587 - INFO - Verified logo
2026-04-06 00:28:29,972 - INFO - Outdoor toys hovered
2026-04-06 00:28:34,081 - INFO - Bikes clicked
2026-04-06 00:28:35,092 - INFO - Bikes page url is verified
2026-04-06 00:28:37,511 - INFO - Toddler bikes clicked
2026-04-06 00:28:37,616 - INFO - Keyword search clicked
2026-04-06 00:28:38,376 - INFO - Disney page will appear
2026-04-06 00:28:38,804 - ERROR - Failed to verify Disney page URL: 
2026-04-06 00:28:39,149 - ERROR - Failed in disney_page_clutter flow: 
2026-04-06 00:28:39,344 - ERROR - Bikes–Huffy–Disney product flow failed: 
2026-04-06 00:28:39,479 - INFO - Browser closed successfully.
2026-04-06 00:28:43,078 - INFO - Browser launched and application opened: https://www.elc.co.uk/
2026-04-06 00:28:45,078 - INFO - CarPage initialized successfully
2026-04-06 00:28:45,392 - INFO - Cookies popup accepted successfully
2026-04-06 00:28:45,688 - INFO - ELC logo is present on the page
2026-04-06 00:28:46,120 - INFO - Clicked on search input field
2026-04-06 00:28:51,197 - INFO - 'Cars' entered and search submitted
2026-04-06 00:28:51,297 - INFO - 'Cars' is present in URL
2026-04-06 00:28:52,109 - INFO - 'Show more' button clicked
2026-04-06 00:28:52,578 - INFO - 'Toy Cars' filter clicked
2026-04-06 00:28:53,337 - INFO - Hovered on 'Learning Skills'
2026-04-06 00:28:58,585 - INFO - 'Imaginative Play' option clicked
2026-04-06 00:28:59,215 - INFO - 'Fine Motor Skills' filter clicked
2026-04-06 00:28:59,408 - INFO - 'skills' is present in the page URL
2026-04-06 00:28:59,707 - INFO - Footer tag is present and visible on the page
2026-04-06 00:29:04,891 - INFO - First product clicked
2026-04-06 00:29:06,927 - INFO - 'Early' keyword is present
2026-04-06 00:29:07,087 - INFO - Screenshot captured with name: early
2026-04-06 00:29:07,302 - INFO - 'Add to Wishlist' button clicked
2026-04-06 00:29:07,503 - INFO - Browser closed successfully.
2026-04-06 00:29:10,876 - INFO - Browser launched and application opened: https://www.elc.co.uk/
2026-04-06 00:29:11,698 - INFO - scroll down
2026-04-06 00:29:13,403 - INFO - click on the about us
2026-04-06 00:29:13,874 - INFO - title verified
2026-04-06 00:29:14,006 - INFO - url verified
2026-04-06 00:29:15,204 - INFO - navigate back to home page done from about us
2026-04-06 00:29:18,605 - INFO - click on the store finder in footer
2026-04-06 00:29:18,681 - INFO - title verified
2026-04-06 00:29:18,688 - INFO - url verified
2026-04-06 00:29:18,818 - INFO - navigate back to home page done from store finder
2026-04-06 00:29:21,194 - INFO - click on the wee regulations in footer
2026-04-06 00:29:22,702 - INFO - switch to new tab done from wee regulations
2026-04-06 00:29:23,709 - INFO - title verified
2026-04-06 00:29:23,714 - INFO - url verified
2026-04-06 00:29:23,784 - INFO - back to home page tab from wee regulations
2026-04-06 00:29:25,190 - INFO - click on the press in footer
2026-04-06 00:29:25,299 - INFO - title verified
2026-04-06 00:29:25,485 - INFO - url verified
2026-04-06 00:29:27,075 - INFO - navigate back to home page done from press
2026-04-06 00:29:28,282 - INFO - click on the affiliates in footer
2026-04-06 00:29:28,583 - INFO - title verified
2026-04-06 00:29:28,775 - INFO - url verified
2026-04-06 00:29:29,717 - INFO - navigate back to home page done from affiliates
2026-04-06 00:29:30,486 - INFO - click on the careers in footer
2026-04-06 00:29:30,497 - INFO - switch to new tab done from careers
2026-04-06 00:29:34,679 - INFO - title verified
2026-04-06 00:29:34,686 - INFO - url verified
2026-04-06 00:29:34,875 - INFO - back to home page tab from careers
2026-04-06 00:29:37,810 - INFO - click on the gift cards in footer
2026-04-06 00:29:38,194 - INFO - title verified
2026-04-06 00:29:38,380 - INFO - url verified
2026-04-06 00:29:40,014 - INFO - navigate back to home page done from gift cards
2026-04-06 00:29:41,775 - INFO - click on the klarna in footer
2026-04-06 00:29:41,987 - INFO - title verified
2026-04-06 00:29:41,992 - INFO - url verified
2026-04-06 00:29:43,114 - INFO - navigate back to home page done from klarna
2026-04-06 00:29:45,176 - INFO - Useful links keyword verified
2026-04-06 00:29:45,282 - INFO - screenshot captured for case 10
2026-04-06 00:29:45,413 - INFO - Browser closed successfully.
2026-04-06 00:29:48,876 - INFO - Browser launched and application opened: https://www.elc.co.uk/
2026-04-06 00:29:48,877 - INFO - HomePage initialized successfully
2026-04-06 00:29:48,877 - INFO - CreativityPage initialized successfully
2026-04-06 00:29:48,877 - INFO - CreativityFilterPage initialized successfully
2026-04-06 00:29:48,877 - INFO - ProductPage initialized successfully
2026-04-06 00:29:48,877 - INFO - CartPage initialized successfully
2026-04-06 00:29:49,597 - INFO - Accept pop up button click
2026-04-06 00:29:51,898 - INFO - Learning skills hovered
2026-04-06 00:29:57,998 - INFO - creativity clicked
2026-04-06 00:29:58,092 - INFO - Verified url of creativity page
2026-04-06 00:30:18,147 - INFO - Scroll down and clicked art and crafts
2026-04-06 00:30:18,679 - INFO - creativity option clicked
2026-04-06 00:30:19,527 - ERROR - Failed to verify creativity filter page URL: 
2026-04-06 00:30:19,783 - ERROR - Failed in creativity_filter_page_clutter flow: 
2026-04-06 00:30:19,997 - ERROR - Creativity product cart flow failed: 
2026-04-06 00:30:20,192 - INFO - Browser closed successfully.
2026-04-06 00:30:23,791 - INFO - Browser launched and application opened: https://www.elc.co.uk/
2026-04-06 00:30:24,411 - INFO - Cookies accepted
2026-04-06 00:30:24,690 - INFO - ELC logo is visible
2026-04-06 00:30:26,991 - INFO - Hovered on Explore
2026-04-06 00:30:28,891 - INFO - Gift Cards page opened
2026-04-06 00:30:32,406 - INFO - Offers page verified
2026-04-06 00:30:34,302 - INFO - Clicked Dolls category
2026-04-06 00:30:39,413 - INFO - First doll product opened
2026-04-06 00:30:40,004 - INFO - Product added to basket
2026-04-06 00:30:42,887 - INFO - Checkout successful
2026-04-06 00:30:42,887 - INFO - Dolls checkout test executed successfully
2026-04-06 00:30:43,004 - INFO - Browser closed successfully.
2026-04-06 00:30:46,875 - INFO - Browser launched and application opened: https://www.elc.co.uk/
2026-04-06 00:30:49,288 - INFO - Contact Us page opened
2026-04-06 00:30:49,293 - INFO - Contact_Us URL verified
2026-04-06 00:30:49,300 - INFO - Contact_Us title verified
2026-04-06 00:30:53,553 - INFO - Delivery Options page opened
2026-04-06 00:30:53,581 - ERROR - Delivery_Options URL mismatch. Current URL: https://theentertainer.zendesk.com/hc/en-gb/articles/4409593606545-Delivery-options
2026-04-06 00:30:53,718 - INFO - Delivery_Options title verified
2026-04-06 00:30:57,723 - INFO - Product Safety page opened
2026-04-06 00:30:57,980 - INFO - Product_Safety URL verified
2026-04-06 00:30:57,989 - INFO - Product_Safety title verified
2026-04-06 00:31:00,593 - INFO - Returns page opened
2026-04-06 00:31:00,833 - INFO - Returns URL verified
2026-04-06 00:31:00,839 - INFO - Returns title verified
2026-04-06 00:31:05,475 - INFO - Track Your Order page opened
2026-04-06 00:31:05,491 - INFO - Track_Your_Order URL verified
2026-04-06 00:31:05,497 - INFO - Track_Your_Order title verified
2026-04-06 00:31:07,783 - INFO - Help Center page opened
2026-04-06 00:31:07,791 - INFO - Help_Center URL verified
2026-04-06 00:31:07,876 - INFO - Help_Center title verified
2026-04-06 00:31:11,886 - INFO - Privacy Policy page opened
2026-04-06 00:31:12,199 - INFO - Your_Privacy URL verified
2026-04-06 00:31:12,378 - INFO - Your_Privacy title verified
2026-04-06 00:31:15,499 - INFO - How To Complain page opened
2026-04-06 00:31:15,506 - INFO - How_To_Complain URL verified
2026-04-06 00:31:15,511 - INFO - How_To_Complain title verified
2026-04-06 00:31:15,674 - INFO - Browser closed successfully.
2026-04-06 00:31:19,109 - INFO - Browser launched and application opened: https://www.elc.co.uk/
2026-04-06 00:31:19,109 - INFO - NewbornGiftsPage initialized successfully
2026-04-06 00:31:22,189 - INFO - ELC logo verified successfully on homepage
2026-04-06 00:31:25,610 - INFO - Popup closed successfully
2026-04-06 00:31:28,908 - INFO - Hovered on 'Shop by age' successfully
2026-04-06 00:31:34,298 - INFO - Clicked on 'Newborn Gifts' successfully
2026-04-06 00:31:34,578 - INFO - Verified URL contains 'new-born-baby-gift-ideas'
2026-04-06 00:31:34,992 - INFO - Clicked on 'Show more'
2026-04-06 00:31:38,205 - INFO - Clicked on 'Baby Activity Toys'
2026-04-06 00:31:41,412 - INFO - Clicked on 'Early Learning Centre'
2026-04-06 00:31:44,579 - INFO - Clicked on 'Hand Eye Coordination'
2026-04-06 00:31:47,713 - INFO - Clicked on first product
2026-04-06 00:32:02,866 - ERROR - Failed to add product to cart: Error in click: Message: 
Stacktrace:
#0 0x5784cc5cb7da <unknown>
#1 0x5784cc0702e0 <unknown>
#2 0x5784cc0c1e00 <unknown>
#3 0x5784cc0c1ff1 <unknown>
#4 0x5784cc110324 <unknown>
#5 0x5784cc0e78dd <unknown>
#6 0x5784cc10d71c <unknown>
#7 0x5784cc0e7683 <unknown>
#8 0x5784cc0b3b5b <unknown>
#9 0x5784cc0b4f31 <unknown>
#10 0x5784cc59072b <unknown>
#11 0x5784cc594534 <unknown>
#12 0x5784cc577229 <unknown>
#13 0x5784cc5950d8 <unknown>
#14 0x5784cc55b61f <unknown>
#15 0x5784cc5b8dd8 <unknown>
#16 0x5784cc5b8fb6 <unknown>
#17 0x5784cc5caaf6 <unknown>
#18 0x7f4f298f2aa4 <unknown>
#19 0x7f4f2997fc3c <unknown>

2026-04-06 00:32:03,004 - ERROR - Clutter flow execution failed: Error in click: Message: 
Stacktrace:
#0 0x5784cc5cb7da <unknown>
#1 0x5784cc0702e0 <unknown>
#2 0x5784cc0c1e00 <unknown>
#3 0x5784cc0c1ff1 <unknown>
#4 0x5784cc110324 <unknown>
#5 0x5784cc0e78dd <unknown>
#6 0x5784cc10d71c <unknown>
#7 0x5784cc0e7683 <unknown>
#8 0x5784cc0b3b5b <unknown>
#9 0x5784cc0b4f31 <unknown>
#10 0x5784cc59072b <unknown>
#11 0x5784cc594534 <unknown>
#12 0x5784cc577229 <unknown>
#13 0x5784cc5950d8 <unknown>
#14 0x5784cc55b61f <unknown>
#15 0x5784cc5b8dd8 <unknown>
#16 0x5784cc5b8fb6 <unknown>
#17 0x5784cc5caaf6 <unknown>
#18 0x7f4f298f2aa4 <unknown>
#19 0x7f4f2997fc3c <unknown>

2026-04-06 00:32:03,131 - ERROR - Newborn gifts navigation failed: Error in click: Message: 
Stacktrace:
#0 0x5784cc5cb7da <unknown>
#1 0x5784cc0702e0 <unknown>
#2 0x5784cc0c1e00 <unknown>
#3 0x5784cc0c1ff1 <unknown>
#4 0x5784cc110324 <unknown>
#5 0x5784cc0e78dd <unknown>
#6 0x5784cc10d71c <unknown>
#7 0x5784cc0e7683 <unknown>
#8 0x5784cc0b3b5b <unknown>
#9 0x5784cc0b4f31 <unknown>
#10 0x5784cc59072b <unknown>
#11 0x5784cc594534 <unknown>
#12 0x5784cc577229 <unknown>
#13 0x5784cc5950d8 <unknown>
#14 0x5784cc55b61f <unknown>
#15 0x5784cc5b8dd8 <unknown>
#16 0x5784cc5b8fb6 <unknown>
#17 0x5784cc5caaf6 <unknown>
#18 0x7f4f298f2aa4 <unknown>
#19 0x7f4f2997fc3c <unknown>

2026-04-06 00:32:03,210 - INFO - Browser closed successfully.
2026-04-06 00:32:06,796 - INFO - Browser launched and application opened: https://www.elc.co.uk/
2026-04-06 00:32:07,084 - INFO - ELC logo is visible
2026-04-06 00:32:07,511 - INFO - Cookies accepted
2026-04-06 00:32:09,810 - INFO - Hovered on Brands
2026-04-06 00:32:11,002 - INFO - Clicked Paw Patrol
2026-04-06 00:32:12,289 - INFO - Paw Patrol page loaded successfully
2026-04-06 00:32:12,991 - INFO - Clicked Playsets
2026-04-06 00:32:14,385 - INFO - Clicked Savings
2026-04-06 00:32:21,487 - INFO - Clicked first product
2026-04-06 00:32:21,507 - INFO - Product availability verified
2026-04-06 00:32:22,096 - INFO - Added product to basket
2026-04-06 00:32:24,386 - INFO - Clicked Checkout
2026-04-06 00:32:25,095 - INFO - Basket verified and screenshot captured
2026-04-06 00:32:25,095 - INFO - Paw Patrol add-to-basket test executed successfully
2026-04-06 00:32:25,205 - INFO - Browser closed successfully.
2026-04-06 00:32:28,577 - INFO - Browser launched and application opened: https://www.elc.co.uk/
2026-04-06 00:32:30,577 - INFO - SearchPage initialized successfully
2026-04-06 00:32:30,729 - INFO - Cookies popup accepted successfully
2026-04-06 00:32:31,079 - INFO - ELC logo is visible on the page
2026-04-06 00:32:31,507 - INFO - Clicked on search input field
2026-04-06 00:32:36,484 - INFO - Entered 'Puzzles' and submitted search
2026-04-06 00:32:36,592 - INFO - 'Puzzles' is present in the URL
2026-04-06 00:32:37,394 - INFO - 'Show more' button clicked
2026-04-06 00:32:37,676 - INFO - 'Jigsaw Puzzles' filter clicked
2026-04-06 00:32:39,681 - INFO - 'Jigsaw%20Puzzles' is present in the URL
2026-04-06 00:32:39,706 - INFO - Footer tag is present and visible on the page
2026-04-06 00:32:39,895 - INFO - 'Children Games' filter clicked
2026-04-06 00:32:42,185 - INFO - 'Discover World' filter clicked
2026-04-06 00:32:45,804 - INFO - First product clicked
2026-04-06 00:32:47,599 - INFO - 'Add to Wishlist' button clicked
2026-04-06 00:32:49,609 - INFO - Screenshot captured with name: learn
2026-04-06 00:32:49,803 - INFO - Browser closed successfully.
2026-04-06 00:32:54,182 - INFO - Browser launched and application opened: https://www.elc.co.uk/
2026-04-06 00:32:54,182 - INFO - SoftToysPage initialized successfully
2026-04-06 00:32:59,245 - INFO - ELC logo verified successfully on homepage
2026-04-06 00:33:04,608 - INFO - Popup closed successfully
2026-04-06 00:33:07,911 - INFO - Hovered on 'Type of toy' successfully
2026-04-06 00:33:12,694 - INFO - Clicked on 'Soft Toys' successfully
2026-04-06 00:33:15,701 - INFO - Verified URL contains 'soft-toys'
2026-04-06 00:33:18,911 - INFO - Clicked on 'Dolls'
2026-04-06 00:33:21,101 - INFO - Clicked on 'Soft Toys'
2026-04-06 00:33:24,137 - INFO - Verified 'Brands' keyword successfully
2026-04-06 00:33:24,422 - INFO - Clicked on 'Stimulating senses'
2026-04-06 00:33:24,513 - INFO - Relevant content verified successfully
2026-04-06 00:33:31,313 - INFO - Clicked on first product
2026-04-06 00:33:34,361 - INFO - Verified 'Home Delivery'
2026-04-06 00:33:34,574 - INFO - Clicked on 'Add to Basket'
2026-04-06 00:33:35,275 - INFO - Clicked on 'Continue Shopping'
2026-04-06 00:33:37,316 - INFO - Verified 'Home' keyword successfully
2026-04-06 00:33:37,464 - INFO - Soft Toys flow executed successfully
2026-04-06 00:33:37,602 - INFO - Browser closed successfully.
